101 lexical error
